[www.indiaivisa.com/index.html]
[backblue.gif]
[fade.gif]
[index.html]
[d34tst8iesd953.cloudfront.net/img/ivisa/favicon.png]
[d34tst8iesd953.cloudfront.net/js/jquery.min-1.11.1.js]
[d34tst8iesd953.cloudfront.net/js/bootstrap.min.3.3.6.js]
[d34tst8iesd953.cloudfront.net/css/bootstrap.min.css]
[d34tst8iesd953.cloudfront.net/js/main1994.js]
[d36mpcpuzc4ztk.cloudfront.net/js/visitor.js]
[d36mpcpuzc4ztk.cloudfront.net/css/visitor.css]
[www.indiaivisa.com/login.html]
[d34tst8iesd953.cloudfront.net/img/ivisa/logo.png]
[d34tst8iesd953.cloudfront.net/img/trustpilot/trustpilot_symbol.png]
[d34tst8iesd953.cloudfront.net/img/trustpilot/5_stars.png]
[d34tst8iesd953.cloudfront.net/img/united_states/flag.png]
[d34tst8iesd953.cloudfront.net/img/australia/flag.png]
[www.indiaivisa.com/contact-us/index.html]
[www.indiaivisa.com/about-us/index.html]
[www.indiaivisa.com/testimonials/index.html]
[www.indiaivisa.com/faqs/index.html]
[d34tst8iesd953.cloudfront.net/img/country_flags/GB.png]
[d34tst8iesd953.cloudfront.net/css/pages_common.css]
[d34tst8iesd953.cloudfront.net/img/ivisa/homepage-background.jpg]
[d34tst8iesd953.cloudfront.net/img/ivisa/pin.png]
[d34tst8iesd953.cloudfront.net/img/ivisa/plane.png]
[d34tst8iesd953.cloudfront.net/img/ivisa/homepage-trustpilot-background.jpg]
[d34tst8iesd953.cloudfront.net/img/trustpilot/Trustpilot_logo_-_light_background_256.png]
[d34tst8iesd953.cloudfront.net/img/how-it-works-1.png]
[www.indiaivisa.com/visa-requirements/index.html]
[d34tst8iesd953.cloudfront.net/img/how-it-works-2.png]
[d34tst8iesd953.cloudfront.net/img/how-it-works-3.png]
[d34tst8iesd953.cloudfront.net/img/icon-fedex.png]
[www.indiaivisa.com/img/ivisa/background-about.jpg]
[www.indiaivisa.com/img/ivisa/passports.png]
[www.indiaivisa.com/embassies.html]
[www.indiaivisa.com/transfers.html]
[www.indiaivisa.com/affiliates.html]
[d34tst8iesd953.cloudfront.net/img/social-linkedin-white.png]
[d34tst8iesd953.cloudfront.net/img/trustwave_seal.png]
[www.indiaivisa.com/index.html]
[d34tst8iesd953.cloudfront.net/img/comodo_seal.png]
[d34tst8iesd953.cloudfront.net/css/fonts/glyphicons-halflings-regular.eot]
[d34tst8iesd953.cloudfront.net/css/fonts/glyphicons-halflings-regulard41d.eot]
[www.indiaivisa.com/privacy/index.html]
[www.indiaivisa.com/terms-and-conditions/index.html]
[d34tst8iesd953.cloudfront.net/css/fonts/glyphicons-halflings-regular.html]
[d34tst8iesd953.cloudfront.net/css/fonts/glyphicons-halflings-regular-2.html]
[d34tst8iesd953.cloudfront.net/css/fonts/glyphicons-halflings-regular-3.html]
[d34tst8iesd953.cloudfront.net/css/bootstrap.min.css]
[d34tst8iesd953.cloudfront.net/css/fonts/glyphicons-halflings-regular.svg]
[d36mpcpuzc4ztk.cloudfront.net/images/begin_chat.png]
[d36mpcpuzc4ztk.cloudfront.net/images/begin_chat-2x.png]
[d36mpcpuzc4ztk.cloudfront.net/images/send.png]
[d36mpcpuzc4ztk.cloudfront.net/images/arrow-icon.png]
[d36mpcpuzc4ztk.cloudfront.net/images/arrow-icon-light.png]
[d36mpcpuzc4ztk.cloudfront.net/images/check-mark-icon.png]
[d36mpcpuzc4ztk.cloudfront.net/images/check-mark-icon-light.png]
[d36mpcpuzc4ztk.cloudfront.net/images/chat-icon.png]
[d36mpcpuzc4ztk.cloudfront.net/images/send-2x.png]
[d36mpcpuzc4ztk.cloudfront.net/images/fillers/profile_blank_thumb.gif]
[d36mpcpuzc4ztk.cloudfront.net/images/lcb-cursor@2x.png]
[d36mpcpuzc4ztk.cloudfront.net/css/visitor.css]
[www.googletagmanager.com/gtm5445.html]
[www.indiaivisa.com/login/forgot_password.html]
[www.indiaivisa.com/login.html]
[www.indiaivisa.com/img/united_states/flag.png]
[www.indiaivisa.com/img/australia/flag.png]
[www.indiaivisa.com/img/country_flags/GB.png]
[www.indiaivisa.com/contact-us/index.html]
[d34tst8iesd953.cloudfront.net/css/about_us.css]
[d34tst8iesd953.cloudfront.net/img/members/sergio_founder_ceo.jpg]
[d34tst8iesd953.cloudfront.net/img/members/david_founder_coo.jpg]
[d34tst8iesd953.cloudfront.net/img/members/adam_lead_developer.jpg]
[d34tst8iesd953.cloudfront.net/img/members/demetri_senior_developer.jpg]
[d34tst8iesd953.cloudfront.net/img/members/amparo_marketing_manager.jpg]
[d34tst8iesd953.cloudfront.net/img/members/eduardo_marketing_manager.jpg]
[d34tst8iesd953.cloudfront.net/img/members/joe_support_hero.jpg]
[d34tst8iesd953.cloudfront.net/img/members/gaya_support_sorceress.jpg]
[d34tst8iesd953.cloudfront.net/img/members/angela_support_assistant.jpg]
[d34tst8iesd953.cloudfront.net/img/members/harvey_support_assistant.jpg]
[d34tst8iesd953.cloudfront.net/img/members/janin_support_assistant.jpg]
[d34tst8iesd953.cloudfront.net/img/members/john_support_champion.jpg]
[d34tst8iesd953.cloudfront.net/img/members/maritess_support_assistant.jpg]
[d34tst8iesd953.cloudfront.net/img/members/hae_support_assistant.jpg]
[d34tst8iesd953.cloudfront.net/img/members/hanan_support_assistant.jpg]
[d34tst8iesd953.cloudfront.net/img/offices-map.jpg]
[d34tst8iesd953.cloudfront.net/img/office-phone-sm.png]
[d34tst8iesd953.cloudfront.net/img/office-address-sm.png]
[www.indiaivisa.com/about-us/index.html]
[d34tst8iesd953.cloudfront.net/js/jquery.waterfall.js]
[d34tst8iesd953.cloudfront.net/js/zepto.js]
[d34tst8iesd953.cloudfront.net/css/testimonials.css]
[d34tst8iesd953.cloudfront.net/img/avatar.png]
[www.indiaivisa.com/testimonials/index.html]
[d34tst8iesd953.cloudfront.net/img/faq-question-icon.png]
[www.indiaivisa.com/faqs/index.html]
[www.indiaivisa.com/india-visa-application.html]
[d34tst8iesd953.cloudfront.net/img/visa-booklet.png]
[www.indiaivisa.com/visa-requirements/index.html]
[d34tst8iesd953.cloudfront.net/css/pages_common.css]
[www.indiaivisa.com/embassy/afghanistan.html]
[www.indiaivisa.com/embassy/aland-islands.html]
[www.indiaivisa.com/embassy/albania.html]
[www.indiaivisa.com/embassy/algeria.html]
[www.indiaivisa.com/embassy/american-samoa.html]
[www.indiaivisa.com/embassy/andorra.html]
[www.indiaivisa.com/embassy/angola.html]
[www.indiaivisa.com/embassy/anguilla.html]
[www.indiaivisa.com/embassy/antarctica.html]
[www.indiaivisa.com/embassy/antigua-and-barbuda.html]
[www.indiaivisa.com/embassy/argentina.html]
[www.indiaivisa.com/embassy/armenia.html]
[www.indiaivisa.com/embassy/aruba.html]
[www.indiaivisa.com/embassy/australia.html]
[www.indiaivisa.com/embassy/austria.html]
[www.indiaivisa.com/embassy/azerbaijan.html]
[www.indiaivisa.com/embassy/bahamas.html]
[www.indiaivisa.com/embassy/bahrain.html]
[www.indiaivisa.com/embassy/bangladesh.html]
[www.indiaivisa.com/embassy/barbados.html]
[www.indiaivisa.com/embassy/belarus.html]
[www.indiaivisa.com/embassy/belgium.html]
[www.indiaivisa.com/embassy/belize.html]
[www.indiaivisa.com/embassy/benin.html]
[www.indiaivisa.com/embassy/bermuda.html]
[www.indiaivisa.com/embassy/bhutan.html]
[www.indiaivisa.com/embassy/bolivia.html]
[www.indiaivisa.com/embassy/bonaire-sint-eustatius-and-saba.html]
[www.indiaivisa.com/embassy/bosnia-and-herzegovina.html]
[www.indiaivisa.com/embassy/botswana.html]
[www.indiaivisa.com/embassy/bouvet-island.html]
[www.indiaivisa.com/embassy/brazil.html]
[www.indiaivisa.com/embassy/british-indian-ocean-territory.html]
[www.indiaivisa.com/embassy/brunei-darussalam.html]
[www.indiaivisa.com/embassy/bulgaria.html]
[www.indiaivisa.com/embassy/burkina-faso.html]
[www.indiaivisa.com/embassy/burundi.html]
[www.indiaivisa.com/embassy/cambodia.html]
[www.indiaivisa.com/embassy/cameroon.html]
[www.indiaivisa.com/embassy/canada.html]
[www.indiaivisa.com/embassy/cape-verde.html]
[www.indiaivisa.com/embassy/cayman-islands.html]
[www.indiaivisa.com/embassy/central-african-republic.html]
[www.indiaivisa.com/embassy/chad.html]
[www.indiaivisa.com/embassy/chile.html]
[www.indiaivisa.com/embassy/china.html]
[www.indiaivisa.com/embassy/christmas-island.html]
[www.indiaivisa.com/embassy/cocos-keeling-islands.html]
[www.indiaivisa.com/embassy/colombia.html]
[www.indiaivisa.com/embassy/comoros.html]
[www.indiaivisa.com/embassy/congo.html]
[www.indiaivisa.com/embassy/congo-the-democratic-republic-of-the.html]
[www.indiaivisa.com/embassy/cook-islands.html]
[www.indiaivisa.com/embassy/costa-rica.html]
[www.indiaivisa.com/embassy/cote-d-ivoire.html]
[www.indiaivisa.com/embassy/croatia.html]
[www.indiaivisa.com/embassy/cuba.html]
[www.indiaivisa.com/embassy/curacao.html]
[www.indiaivisa.com/embassy/cyprus.html]
[www.indiaivisa.com/embassy/czech-republic.html]
[www.indiaivisa.com/embassy/denmark.html]
[www.indiaivisa.com/embassy/djibouti.html]
[www.indiaivisa.com/embassy/dominica.html]
[www.indiaivisa.com/embassy/dominican-republic.html]
[www.indiaivisa.com/embassy/ecuador.html]
[www.indiaivisa.com/embassy/egypt.html]
[www.indiaivisa.com/embassy/el-salvador.html]
[www.indiaivisa.com/embassy/equatorial-guinea.html]
[www.indiaivisa.com/embassy/eritrea.html]
[www.indiaivisa.com/embassy/estonia.html]
[www.indiaivisa.com/embassy/ethiopia.html]
[www.indiaivisa.com/embassy/falkland-islands-malvinas.html]
[www.indiaivisa.com/embassy/faroe-islands.html]
[www.indiaivisa.com/embassy/fiji.html]
[www.indiaivisa.com/embassy/finland.html]
[www.indiaivisa.com/embassy/france.html]
[www.indiaivisa.com/embassy/french-guiana.html]
[www.indiaivisa.com/embassy/french-polynesia.html]
[www.indiaivisa.com/embassy/french-southern-territories.html]
[www.indiaivisa.com/embassy/gabon.html]
[www.indiaivisa.com/embassy/gambia.html]
[www.indiaivisa.com/embassy/georgia.html]
[www.indiaivisa.com/embassy/germany.html]
[www.indiaivisa.com/embassy/ghana.html]
[www.indiaivisa.com/embassy/gibraltar.html]
[www.indiaivisa.com/embassy/greece.html]
[www.indiaivisa.com/embassy/greenland.html]
[www.indiaivisa.com/embassy/grenada.html]
[www.indiaivisa.com/embassy/guadeloupe.html]
[www.indiaivisa.com/embassy/guam.html]
[www.indiaivisa.com/embassy/guatemala.html]
[www.indiaivisa.com/embassy/guernsey.html]
[www.indiaivisa.com/embassy/guinea.html]
[www.indiaivisa.com/embassy/guinea-bissau.html]
[www.indiaivisa.com/embassy/guyana.html]
[www.indiaivisa.com/embassy/haiti.html]
[www.indiaivisa.com/embassy/heard-island-and-mcdonald-islands.html]
[www.indiaivisa.com/embassy/holy-see-vatican-city-state.html]
[www.indiaivisa.com/embassy/honduras.html]
[www.indiaivisa.com/embassy/hong-kong.html]
[www.indiaivisa.com/embassy/hungary.html]
[www.indiaivisa.com/embassy/iceland.html]
[www.indiaivisa.com/embassy/india.html]
[www.indiaivisa.com/embassy/indonesia.html]
[www.indiaivisa.com/embassy/iran.html]
[www.indiaivisa.com/embassy/iraq.html]
[www.indiaivisa.com/embassy/ireland.html]
[www.indiaivisa.com/embassy/isle-of-man.html]
[www.indiaivisa.com/embassy/israel.html]
[www.indiaivisa.com/embassy/italy.html]
[www.indiaivisa.com/embassy/jamaica.html]
[www.indiaivisa.com/embassy/japan.html]
[www.indiaivisa.com/embassy/jersey.html]
[www.indiaivisa.com/embassy/jordan.html]
[www.indiaivisa.com/embassy/kazakhstan.html]
[www.indiaivisa.com/embassy/kenya.html]
[www.indiaivisa.com/embassy/kiribati.html]
[www.indiaivisa.com/embassy/korea-democratic-people-s-republic-of.html]
[www.indiaivisa.com/embassy/korea-republic-of.html]
[www.indiaivisa.com/embassy/kosovo.html]
[www.indiaivisa.com/embassy/kuwait.html]
[www.indiaivisa.com/embassy/kyrgyzstan.html]
[www.indiaivisa.com/embassy/laos.html]
[www.indiaivisa.com/embassy/latvia.html]
[www.indiaivisa.com/embassy/lebanon.html]
[www.indiaivisa.com/embassy/lesotho.html]
[www.indiaivisa.com/embassy/liberia.html]
[www.indiaivisa.com/embassy/libya.html]
[www.indiaivisa.com/embassy/liechtenstein.html]
[www.indiaivisa.com/embassy/lithuania.html]
[www.indiaivisa.com/embassy/luxembourg.html]
[www.indiaivisa.com/embassy/macao.html]
[www.indiaivisa.com/embassy/macedonia-republic-of.html]
[www.indiaivisa.com/embassy/madagascar.html]
[www.indiaivisa.com/embassy/malawi.html]
[www.indiaivisa.com/embassy/malaysia.html]
[www.indiaivisa.com/embassy/maldives.html]
[www.indiaivisa.com/embassy/mali.html]
[www.indiaivisa.com/embassy/malta.html]
[www.indiaivisa.com/embassy/marshall-islands.html]
[www.indiaivisa.com/embassy/martinique.html]
[www.indiaivisa.com/embassy/mauritania.html]
[www.indiaivisa.com/embassy/mauritius.html]
[www.indiaivisa.com/embassy/mayotte.html]
[www.indiaivisa.com/embassy/mexico.html]
[www.indiaivisa.com/embassy/micronesia.html]
[www.indiaivisa.com/embassy/moldova.html]
[www.indiaivisa.com/embassy/monaco.html]
[www.indiaivisa.com/embassy/mongolia.html]
[www.indiaivisa.com/embassy/montenegro.html]
[www.indiaivisa.com/embassy/montserrat.html]
[www.indiaivisa.com/embassy/morocco.html]
[www.indiaivisa.com/embassy/mozambique.html]
[www.indiaivisa.com/embassy/myanmar.html]
[www.indiaivisa.com/embassy/namibia.html]
[www.indiaivisa.com/embassy/nauru.html]
[www.indiaivisa.com/embassy/nepal.html]
[www.indiaivisa.com/embassy/netherlands.html]
[www.indiaivisa.com/embassy/new-caledonia.html]
[www.indiaivisa.com/embassy/new-zealand.html]
[www.indiaivisa.com/embassy/nicaragua.html]
[www.indiaivisa.com/embassy/niger.html]
[www.indiaivisa.com/embassy/nigeria.html]
[www.indiaivisa.com/embassy/niue.html]
[www.indiaivisa.com/embassy/norfolk-island.html]
[www.indiaivisa.com/embassy/northern-mariana-islands.html]
[www.indiaivisa.com/embassy/norway.html]
[www.indiaivisa.com/embassy/oman.html]
[www.indiaivisa.com/embassy/pakistan.html]
[www.indiaivisa.com/embassy/palau.html]
[www.indiaivisa.com/embassy/palestine-state-of.html]
[www.indiaivisa.com/embassy/panama.html]
[www.indiaivisa.com/embassy/papua-new-guinea.html]
[www.indiaivisa.com/embassy/paraguay.html]
[www.indiaivisa.com/embassy/peru.html]
[www.indiaivisa.com/embassy/philippines.html]
[www.indiaivisa.com/embassy/pitcairn.html]
[www.indiaivisa.com/embassy/poland.html]
[www.indiaivisa.com/embassy/portugal.html]
[www.indiaivisa.com/embassy/puerto-rico.html]
[www.indiaivisa.com/embassy/qatar.html]
[www.indiaivisa.com/embassy/reunion.html]
[www.indiaivisa.com/embassy/romania.html]
[www.indiaivisa.com/embassy/russia.html]
[www.indiaivisa.com/embassy/rwanda.html]
[www.indiaivisa.com/embassy/saint-barthelemy.html]
[www.indiaivisa.com/embassy/saint-helena-ascension-and-tristan-da-cunha.html]
[www.indiaivisa.com/embassy/saint-kitts-and-nevis.html]
[www.indiaivisa.com/embassy/saint-lucia.html]
[www.indiaivisa.com/embassy/saint-martin-french-part.html]
[www.indiaivisa.com/embassy/saint-pierre-and-miquelon.html]
[www.indiaivisa.com/embassy/saint-vincent-and-the-grenadines.html]
[www.indiaivisa.com/embassy/samoa.html]
[www.indiaivisa.com/embassy/san-marino.html]
[www.indiaivisa.com/embassy/sao-tome-and-principe.html]
[www.indiaivisa.com/embassy/saudi-arabia.html]
[www.indiaivisa.com/embassy/senegal.html]
[www.indiaivisa.com/embassy/serbia.html]
[www.indiaivisa.com/embassy/seychelles.html]
[www.indiaivisa.com/embassy/sierra-leone.html]
[www.indiaivisa.com/embassy/singapore.html]
[www.indiaivisa.com/embassy/sint-maarten-dutch-part.html]
[www.indiaivisa.com/embassy/slovakia.html]
[www.indiaivisa.com/embassy/slovenia.html]
[www.indiaivisa.com/embassy/solomon-islands.html]
[www.indiaivisa.com/embassy/somalia.html]
[www.indiaivisa.com/embassy/south-africa.html]
[www.indiaivisa.com/embassy/south-georgia-and-the-south-sandwich-islands.html]
[www.indiaivisa.com/embassy/south-sudan.html]
[www.indiaivisa.com/embassy/spain.html]
[www.indiaivisa.com/embassy/sri-lanka.html]
[www.indiaivisa.com/embassy/sudan.html]
[www.indiaivisa.com/embassy/suriname.html]
[www.indiaivisa.com/embassy/svalbard-and-jan-mayen.html]
[www.indiaivisa.com/embassy/swaziland.html]
[www.indiaivisa.com/embassy/sweden.html]
[www.indiaivisa.com/embassy/switzerland.html]
[www.indiaivisa.com/embassy/syria.html]
[www.indiaivisa.com/embassy/taiwan.html]
[www.indiaivisa.com/embassy/tajikistan.html]
[www.indiaivisa.com/embassy/tanzania.html]
[www.indiaivisa.com/embassy/thailand.html]
[www.indiaivisa.com/embassy/timor-leste.html]
[www.indiaivisa.com/embassy/togo.html]
[www.indiaivisa.com/embassy/tokelau.html]
[www.indiaivisa.com/embassy/tonga.html]
[www.indiaivisa.com/embassy/trinidad-and-tobago.html]
[www.indiaivisa.com/embassy/tunisia.html]
[www.indiaivisa.com/embassy/turkey.html]
[www.indiaivisa.com/embassy/turkmenistan.html]
[www.indiaivisa.com/embassy/turks-and-caicos-islands.html]
[www.indiaivisa.com/embassy/tuvalu.html]
[www.indiaivisa.com/embassy/uganda.html]
[www.indiaivisa.com/embassy/ukraine.html]
[www.indiaivisa.com/embassy/united-arab-emirates.html]
[www.indiaivisa.com/embassy/united-kingdom.html]
[www.indiaivisa.com/embassy/united-states.html]
[www.indiaivisa.com/embassy/united-states-minor-outlying-islands.html]
[www.indiaivisa.com/embassy/uruguay.html]
[www.indiaivisa.com/embassy/uzbekistan.html]
[www.indiaivisa.com/embassy/vanuatu.html]
[www.indiaivisa.com/embassy/venezuela.html]
[www.indiaivisa.com/embassy/vietnam.html]
[www.indiaivisa.com/embassy/virgin-islands-british.html]
[www.indiaivisa.com/embassy/virgin-islands-u-s.html]
[www.indiaivisa.com/embassy/wallis-and-futuna.html]
[www.indiaivisa.com/embassy/western-sahara.html]
[www.indiaivisa.com/embassy/yemen.html]
[www.indiaivisa.com/embassy/zambia.html]
[www.indiaivisa.com/embassies.html]
[www.indiaivisa.com/embassy/zimbabwe.html]
[cdnjs.cloudflare.com/ajax/libs/jqueryui/1.11.4/themes/smoothness/jquery-ui.css]
[d34tst8iesd953.cloudfront.net/css/ivisa-form-builder.css]
[checkout.stripe.com/checkout.js]
[cdnjs.cloudflare.com/ajax/libs/jqueryui/1.11.4/jquery-ui.js]
[d34tst8iesd953.cloudfront.net/js/ivisa-form-builder3975.js]
[d34tst8iesd953.cloudfront.net/js/transfer-helper3975.js]
[d34tst8iesd953.cloudfront.net/img/icon-transfers-standard.jpg]
[d34tst8iesd953.cloudfront.net/img/icon-transfers-executive.jpg]
[d34tst8iesd953.cloudfront.net/img/icon-transfers-van.jpg]
[d34tst8iesd953.cloudfront.net/img/icon-transfers-general-info.png]
[d34tst8iesd953.cloudfront.net/img/icon-transfers-plane.png]
[d34tst8iesd953.cloudfront.net/img/icon-transfers-address.png]
[d34tst8iesd953.cloudfront.net/img/loading.gif]
[www.indiaivisa.com/transfers.html]
[d34tst8iesd953.cloudfront.net/css/affiliate_program.css]
[d34tst8iesd953.cloudfront.net/img/graph-icon.png]
[d34tst8iesd953.cloudfront.net/img/affiliate-1.png]
[d34tst8iesd953.cloudfront.net/img/affiliate-2.png]
[d34tst8iesd953.cloudfront.net/img/affiliate-3.png]
[d34tst8iesd953.cloudfront.net/img/affiliate-approval.png]
[d34tst8iesd953.cloudfront.net/img/affiliate-commission.png]
[d34tst8iesd953.cloudfront.net/img/affiliate-application.png]
[d34tst8iesd953.cloudfront.net/img/affiliate-recurring.png]
[d34tst8iesd953.cloudfront.net/img/affiliate-terms.png]
[www.indiaivisa.com/affiliates.html]
[www.indiaivisa.com/privacy/index.html]
[www.indiaivisa.com/terms-and-conditions/index.html]
[d34tst8iesd953.cloudfront.net/css/fonts/glyphicons-halflings-regular.html]
[d34tst8iesd953.cloudfront.net/css/fonts/glyphicons-halflings-regular-2.html]
[d34tst8iesd953.cloudfront.net/css/fonts/glyphicons-halflings-regular-3.html]
[d34tst8iesd953.cloudfront.net/css/fonts/glyphicons-halflings-regular.svg]
[www.indiaivisa.com/login/forgot_password.html]
[d34tst8iesd953.cloudfront.net/css/about_us.css]
[d34tst8iesd953.cloudfront.net/css/testimonials.css]
[www.indiaivisa.com/india-visa-application11ea.html]
[www.indiaivisa.com/india-business-visa-application11ea.html]
[www.indiaivisa.com/india-medical-visa-application11ea.html]
[www.indiaivisa.com/apply-online/india.html]
[d34tst8iesd953.cloudfront.net/img/country-details-thumbs-up.png]
[d34tst8iesd953.cloudfront.net/img/ivisa/icon-innovation.png]
[d34tst8iesd953.cloudfront.net/img/ivisa/icon-simplicity.png]
[d34tst8iesd953.cloudfront.net/img/ivisa/icon-security.png]
[d34tst8iesd953.cloudfront.net/img/ivisa/icon-accessibility.png]
[www.indiaivisa.com/india-visa-application.html]
[d34tst8iesd953.cloudfront.net/img/icon-earth.png]
[www.indiaivisa.com/embassy/afghanistan.html]
[www.indiaivisa.com/embassy/aland-islands.html]
[www.indiaivisa.com/embassy/albania.html]
[www.indiaivisa.com/embassy/algeria.html]
[www.indiaivisa.com/embassy/american-samoa.html]
[www.indiaivisa.com/embassy/andorra.html]
[www.indiaivisa.com/embassy/angola.html]
[www.indiaivisa.com/embassy/anguilla.html]
[www.indiaivisa.com/embassy/antarctica.html]
[www.indiaivisa.com/embassy/antigua-and-barbuda.html]
[www.indiaivisa.com/embassy/argentina.html]
[www.indiaivisa.com/embassy/armenia.html]
[www.indiaivisa.com/embassy/aruba.html]
[www.indiaivisa.com/embassy/australia.html]
[www.indiaivisa.com/embassy/austria.html]
[www.indiaivisa.com/embassy/azerbaijan.html]
[www.indiaivisa.com/embassy/bahamas.html]
[www.indiaivisa.com/embassy/bahrain.html]
[www.indiaivisa.com/embassy/bangladesh.html]
[www.indiaivisa.com/embassy/barbados.html]
[www.indiaivisa.com/embassy/belarus.html]
[www.indiaivisa.com/embassy/belgium.html]
[www.indiaivisa.com/embassy/belize.html]
[www.indiaivisa.com/embassy/benin.html]
[www.indiaivisa.com/embassy/bermuda.html]
[www.indiaivisa.com/embassy/bhutan.html]
[www.indiaivisa.com/embassy/bolivia.html]
[www.indiaivisa.com/embassy/bonaire-sint-eustatius-and-saba.html]
[www.indiaivisa.com/embassy/bosnia-and-herzegovina.html]
[www.indiaivisa.com/embassy/botswana.html]
[www.indiaivisa.com/embassy/bouvet-island.html]
[www.indiaivisa.com/embassy/brazil.html]
[www.indiaivisa.com/embassy/british-indian-ocean-territory.html]
[www.indiaivisa.com/embassy/brunei-darussalam.html]
[www.indiaivisa.com/embassy/bulgaria.html]
[www.indiaivisa.com/embassy/burkina-faso.html]
[www.indiaivisa.com/embassy/burundi.html]
[www.indiaivisa.com/embassy/cambodia.html]
[www.indiaivisa.com/embassy/cameroon.html]
[www.indiaivisa.com/embassy/canada.html]
[www.indiaivisa.com/embassy/cape-verde.html]
[www.indiaivisa.com/embassy/cayman-islands.html]
[www.indiaivisa.com/embassy/central-african-republic.html]
[www.indiaivisa.com/embassy/chad.html]
[www.indiaivisa.com/embassy/chile.html]
[www.indiaivisa.com/embassy/china.html]
[www.indiaivisa.com/embassy/christmas-island.html]
[www.indiaivisa.com/embassy/cocos-keeling-islands.html]
[www.indiaivisa.com/embassy/colombia.html]
[www.indiaivisa.com/embassy/comoros.html]
[www.indiaivisa.com/embassy/congo.html]
[www.indiaivisa.com/embassy/congo-the-democratic-republic-of-the.html]
[www.indiaivisa.com/embassy/cook-islands.html]
[www.indiaivisa.com/embassy/costa-rica.html]
[www.indiaivisa.com/embassy/cote-d-ivoire.html]
[www.indiaivisa.com/embassy/croatia.html]
[www.indiaivisa.com/embassy/cuba.html]
[www.indiaivisa.com/embassy/curacao.html]
[www.indiaivisa.com/embassy/cyprus.html]
[www.indiaivisa.com/embassy/czech-republic.html]
[www.indiaivisa.com/embassy/denmark.html]
[www.indiaivisa.com/embassy/djibouti.html]
[www.indiaivisa.com/embassy/dominica.html]
[www.indiaivisa.com/embassy/dominican-republic.html]
[www.indiaivisa.com/embassy/ecuador.html]
[www.indiaivisa.com/embassy/egypt.html]
[www.indiaivisa.com/embassy/el-salvador.html]
[www.indiaivisa.com/embassy/equatorial-guinea.html]
[www.indiaivisa.com/embassy/eritrea.html]
[www.indiaivisa.com/embassy/estonia.html]
[www.indiaivisa.com/embassy/ethiopia.html]
[www.indiaivisa.com/embassy/falkland-islands-malvinas.html]
[www.indiaivisa.com/embassy/faroe-islands.html]
[www.indiaivisa.com/embassy/fiji.html]
[www.indiaivisa.com/embassy/finland.html]
[www.indiaivisa.com/embassy/france.html]
[www.indiaivisa.com/embassy/french-guiana.html]
[www.indiaivisa.com/embassy/french-polynesia.html]
[www.indiaivisa.com/embassy/french-southern-territories.html]
[www.indiaivisa.com/embassy/gabon.html]
[www.indiaivisa.com/embassy/gambia.html]
[www.indiaivisa.com/embassy/georgia.html]
[www.indiaivisa.com/embassy/germany.html]
[www.indiaivisa.com/embassy/ghana.html]
[www.indiaivisa.com/embassy/gibraltar.html]
[www.indiaivisa.com/embassy/greece.html]
[www.indiaivisa.com/embassy/greenland.html]
[www.indiaivisa.com/embassy/grenada.html]
[www.indiaivisa.com/embassy/guadeloupe.html]
[www.indiaivisa.com/embassy/guam.html]
[www.indiaivisa.com/embassy/guatemala.html]
[www.indiaivisa.com/embassy/guernsey.html]
[www.indiaivisa.com/embassy/guinea.html]
[www.indiaivisa.com/embassy/guinea-bissau.html]
[www.indiaivisa.com/embassy/guyana.html]
[www.indiaivisa.com/embassy/haiti.html]
[www.indiaivisa.com/embassy/heard-island-and-mcdonald-islands.html]
[www.indiaivisa.com/embassy/holy-see-vatican-city-state.html]
[www.indiaivisa.com/embassy/honduras.html]
[www.indiaivisa.com/embassy/hong-kong.html]
[www.indiaivisa.com/embassy/hungary.html]
[www.indiaivisa.com/embassy/iceland.html]
[www.indiaivisa.com/embassy/india.html]
[www.indiaivisa.com/embassy/indonesia.html]
[www.indiaivisa.com/embassy/iran.html]
[www.indiaivisa.com/embassy/iraq.html]
[www.indiaivisa.com/embassy/ireland.html]
[www.indiaivisa.com/embassy/isle-of-man.html]
[www.indiaivisa.com/embassy/israel.html]
[www.indiaivisa.com/embassy/italy.html]
[www.indiaivisa.com/embassy/jamaica.html]
[www.indiaivisa.com/embassy/japan.html]
[www.indiaivisa.com/embassy/jersey.html]
[www.indiaivisa.com/embassy/jordan.html]
[www.indiaivisa.com/embassy/kazakhstan.html]
[www.indiaivisa.com/embassy/kenya.html]
[www.indiaivisa.com/embassy/kiribati.html]
[www.indiaivisa.com/embassy/korea-democratic-people-s-republic-of.html]
[www.indiaivisa.com/embassy/korea-republic-of.html]
[www.indiaivisa.com/embassy/kosovo.html]
[www.indiaivisa.com/embassy/kuwait.html]
[www.indiaivisa.com/embassy/kyrgyzstan.html]
[www.indiaivisa.com/embassy/laos.html]
[www.indiaivisa.com/embassy/latvia.html]
[www.indiaivisa.com/embassy/lebanon.html]
[www.indiaivisa.com/embassy/lesotho.html]
[www.indiaivisa.com/embassy/liberia.html]
[www.indiaivisa.com/embassy/libya.html]
[www.indiaivisa.com/embassy/liechtenstein.html]
[www.indiaivisa.com/embassy/lithuania.html]
[www.indiaivisa.com/embassy/luxembourg.html]
[www.indiaivisa.com/embassy/macao.html]
[www.indiaivisa.com/embassy/macedonia-republic-of.html]
[www.indiaivisa.com/embassy/madagascar.html]
[www.indiaivisa.com/embassy/malawi.html]
[www.indiaivisa.com/embassy/malaysia.html]
[www.indiaivisa.com/embassy/maldives.html]
[www.indiaivisa.com/embassy/mali.html]
[www.indiaivisa.com/embassy/malta.html]
[www.indiaivisa.com/embassy/marshall-islands.html]
[www.indiaivisa.com/embassy/martinique.html]
[www.indiaivisa.com/embassy/mauritania.html]
[www.indiaivisa.com/embassy/mauritius.html]
[www.indiaivisa.com/embassy/mayotte.html]
[www.indiaivisa.com/embassy/mexico.html]
[www.indiaivisa.com/embassy/micronesia.html]
[www.indiaivisa.com/embassy/moldova.html]
[www.indiaivisa.com/embassy/monaco.html]
[www.indiaivisa.com/embassy/mongolia.html]
[www.indiaivisa.com/embassy/montenegro.html]
[www.indiaivisa.com/embassy/montserrat.html]
[www.indiaivisa.com/embassy/morocco.html]
[www.indiaivisa.com/embassy/mozambique.html]
[www.indiaivisa.com/embassy/myanmar.html]
[www.indiaivisa.com/embassy/namibia.html]
[www.indiaivisa.com/embassy/nauru.html]
[www.indiaivisa.com/embassy/nepal.html]
[www.indiaivisa.com/embassy/netherlands.html]
[www.indiaivisa.com/embassy/new-caledonia.html]
[www.indiaivisa.com/embassy/new-zealand.html]
[www.indiaivisa.com/embassy/nicaragua.html]
[www.indiaivisa.com/embassy/niger.html]
[www.indiaivisa.com/embassy/nigeria.html]
[www.indiaivisa.com/embassy/niue.html]
[www.indiaivisa.com/embassy/norfolk-island.html]
[www.indiaivisa.com/embassy/northern-mariana-islands.html]
[www.indiaivisa.com/embassy/norway.html]
[www.indiaivisa.com/embassy/oman.html]
[www.indiaivisa.com/embassy/pakistan.html]
[www.indiaivisa.com/embassy/palau.html]
[www.indiaivisa.com/embassy/palestine-state-of.html]
[www.indiaivisa.com/embassy/panama.html]
[www.indiaivisa.com/embassy/papua-new-guinea.html]
[www.indiaivisa.com/embassy/paraguay.html]
[www.indiaivisa.com/embassy/peru.html]
[www.indiaivisa.com/embassy/philippines.html]
[www.indiaivisa.com/embassy/pitcairn.html]
[www.indiaivisa.com/embassy/poland.html]
[www.indiaivisa.com/embassy/portugal.html]
[www.indiaivisa.com/embassy/puerto-rico.html]
[www.indiaivisa.com/embassy/qatar.html]
[www.indiaivisa.com/embassy/reunion.html]
[www.indiaivisa.com/embassy/romania.html]
[www.indiaivisa.com/embassy/russia.html]
[www.indiaivisa.com/embassy/rwanda.html]
[www.indiaivisa.com/embassy/saint-barthelemy.html]
[www.indiaivisa.com/embassy/saint-helena-ascension-and-tristan-da-cunha.html]
[www.indiaivisa.com/embassy/saint-kitts-and-nevis.html]
[www.indiaivisa.com/embassy/saint-lucia.html]
[www.indiaivisa.com/embassy/saint-martin-french-part.html]
[www.indiaivisa.com/embassy/saint-pierre-and-miquelon.html]
[www.indiaivisa.com/embassy/saint-vincent-and-the-grenadines.html]
[www.indiaivisa.com/embassy/samoa.html]
[www.indiaivisa.com/embassy/san-marino.html]
[www.indiaivisa.com/embassy/sao-tome-and-principe.html]
[www.indiaivisa.com/embassy/saudi-arabia.html]
[www.indiaivisa.com/embassy/senegal.html]
[www.indiaivisa.com/embassy/serbia.html]
[www.indiaivisa.com/embassy/seychelles.html]
[www.indiaivisa.com/embassy/sierra-leone.html]
[www.indiaivisa.com/embassy/singapore.html]
[www.indiaivisa.com/embassy/sint-maarten-dutch-part.html]
[www.indiaivisa.com/embassy/slovakia.html]
[www.indiaivisa.com/embassy/slovenia.html]
[www.indiaivisa.com/embassy/solomon-islands.html]
[www.indiaivisa.com/embassy/somalia.html]
[www.indiaivisa.com/embassy/south-africa.html]
[www.indiaivisa.com/embassy/south-georgia-and-the-south-sandwich-islands.html]
[www.indiaivisa.com/embassy/south-sudan.html]
[www.indiaivisa.com/embassy/spain.html]
[www.indiaivisa.com/embassy/sri-lanka.html]
[www.indiaivisa.com/embassy/sudan.html]
[www.indiaivisa.com/embassy/suriname.html]
[www.indiaivisa.com/embassy/svalbard-and-jan-mayen.html]
[www.indiaivisa.com/embassy/swaziland.html]
[www.indiaivisa.com/embassy/sweden.html]
[www.indiaivisa.com/embassy/switzerland.html]
[www.indiaivisa.com/embassy/syria.html]
[www.indiaivisa.com/embassy/taiwan.html]
[www.indiaivisa.com/embassy/tajikistan.html]
[www.indiaivisa.com/embassy/tanzania.html]
[www.indiaivisa.com/embassy/thailand.html]
[www.indiaivisa.com/embassy/timor-leste.html]
[www.indiaivisa.com/embassy/togo.html]
[www.indiaivisa.com/embassy/tokelau.html]
[www.indiaivisa.com/embassy/tonga.html]
[www.indiaivisa.com/embassy/trinidad-and-tobago.html]
[www.indiaivisa.com/embassy/tunisia.html]
[www.indiaivisa.com/embassy/turkey.html]
[www.indiaivisa.com/embassy/turkmenistan.html]
[www.indiaivisa.com/embassy/turks-and-caicos-islands.html]
[www.indiaivisa.com/embassy/tuvalu.html]
[www.indiaivisa.com/embassy/uganda.html]
[www.indiaivisa.com/embassy/ukraine.html]
[www.indiaivisa.com/embassy/united-arab-emirates.html]
[www.indiaivisa.com/embassy/united-kingdom.html]
[www.indiaivisa.com/embassy/united-states.html]
[www.indiaivisa.com/embassy/united-states-minor-outlying-islands.html]
[www.indiaivisa.com/embassy/uruguay.html]
[www.indiaivisa.com/embassy/uzbekistan.html]
[www.indiaivisa.com/embassy/vanuatu.html]
[www.indiaivisa.com/embassy/venezuela.html]
[www.indiaivisa.com/embassy/vietnam.html]
[www.indiaivisa.com/embassy/virgin-islands-british.html]
[www.indiaivisa.com/embassy/virgin-islands-u-s.html]
[www.indiaivisa.com/embassy/wallis-and-futuna.html]
[www.indiaivisa.com/embassy/western-sahara.html]
[www.indiaivisa.com/embassy/yemen.html]
[www.indiaivisa.com/embassy/zambia.html]
[www.indiaivisa.com/embassy/zimbabwe.html]
[cdnjs.cloudflare.com/ajax/libs/jqueryui/1.11.4/themes/smoothness/images/ui-bg_flat_75_ffffff_40x100.png]
[cdnjs.cloudflare.com/ajax/libs/jqueryui/1.11.4/themes/smoothness/images/ui-bg_highlight-soft_75_cccccc_1x100.png]
[cdnjs.cloudflare.com/ajax/libs/jqueryui/1.11.4/themes/smoothness/images/ui-bg_glass_75_e6e6e6_1x400.png]
[cdnjs.cloudflare.com/ajax/libs/jqueryui/1.11.4/themes/smoothness/images/ui-bg_glass_75_dadada_1x400.png]
[cdnjs.cloudflare.com/ajax/libs/jqueryui/1.11.4/themes/smoothness/images/ui-bg_glass_65_ffffff_1x400.png]
[cdnjs.cloudflare.com/ajax/libs/jqueryui/1.11.4/themes/smoothness/images/ui-bg_glass_55_fbf9ee_1x400.png]
[cdnjs.cloudflare.com/ajax/libs/jqueryui/1.11.4/themes/smoothness/images/ui-bg_glass_95_fef1ec_1x400.png]
[cdnjs.cloudflare.com/ajax/libs/jqueryui/1.11.4/themes/smoothness/images/ui-icons_222222_256x240.png]
[cdnjs.cloudflare.com/ajax/libs/jqueryui/1.11.4/themes/smoothness/images/ui-icons_888888_256x240.png]
[cdnjs.cloudflare.com/ajax/libs/jqueryui/1.11.4/themes/smoothness/images/ui-icons_454545_256x240.png]
[cdnjs.cloudflare.com/ajax/libs/jqueryui/1.11.4/themes/smoothness/images/ui-icons_2e83ff_256x240.png]
[cdnjs.cloudflare.com/ajax/libs/jqueryui/1.11.4/themes/smoothness/images/ui-icons_cd0a0a_256x240.png]
[cdnjs.cloudflare.com/ajax/libs/jqueryui/1.11.4/themes/smoothness/images/ui-bg_flat_0_aaaaaa_40x100.png]
[cdnjs.cloudflare.com/ajax/libs/jqueryui/1.11.4/themes/smoothness/jquery-ui.css]
[d34tst8iesd953.cloudfront.net/css/ivisa-form-builder.css]
[d34tst8iesd953.cloudfront.net/css/affiliate_program.css]
[www.indiaivisa.com/india-visa-application11ea.html]
[www.indiaivisa.com/india-business-visa-application11ea.html]
[www.indiaivisa.com/india-business-visa-application.html]
[www.indiaivisa.com/india-medical-visa-application11ea.html]
[www.indiaivisa.com/india-medical-visa-application.html]
[cdnjs.cloudflare.com/ajax/libs/jqueryui/1.11.4/jquery-ui.min.js]
[cdnjs.cloudflare.com/ajax/libs/intl-tel-input/11.0.14/css/intlTelInput.css]
[d34tst8iesd953.cloudfront.net/css/ivisa-form-builder1994.css]
[d34tst8iesd953.cloudfront.net/js/evaporate.js]
[cdnjs.cloudflare.com/ajax/libs/intl-tel-input/11.0.14/js/intlTelInput.min.js]
[d34tst8iesd953.cloudfront.net/js/ivisa-form-builder1994.js]
[www.paypalobjects.com/api/checkout.js]
[d34tst8iesd953.cloudfront.net/img/checkout-credit-cards.png]
[www.indiaivisa.com/apply-online/india.html]
[www.indiaivisa.com/india-business-visa-application.html]
[www.indiaivisa.com/india-medical-visa-application.html]
[cdnjs.cloudflare.com/ajax/libs/intl-tel-input/11.0.14/img/flags.png]
[cdnjs.cloudflare.com/ajax/libs/intl-tel-input/11.0.14/img/flags@2x.png]
[cdnjs.cloudflare.com/ajax/libs/intl-tel-input/11.0.14/css/intlTelInput.css]
[d34tst8iesd953.cloudfront.net/css/ivisa-form-builder1994.css]
[www.indiaivisa.com/apply-online/src/load.184.delayed]
[www.indiaivisa.com/apply-online/node_modules/beaver-logger/client/interface.185.delayed]
[www.indiaivisa.com/apply-online/node_modules/beaver-logger/client/config.186.delayed]
[www.indiaivisa.com/apply-online/node_modules/beaver-logger/client/util.187.delayed]
[www.indiaivisa.com/apply-online/node_modules/beaver-logger/client/performance.188.delayed]
[www.indiaivisa.com/apply-online/node_modules/beaver-logger/client/logger.189.delayed]
[www.indiaivisa.com/apply-online/node_modules/beaver-logger/client/init.18a.delayed]
[www.indiaivisa.com/apply-online/node_modules/beaver-logger/client/transitions.18b.delayed]
[www.indiaivisa.com/apply-online/node_modules/beaver-logger/client/builders.18c.delayed]
[www.indiaivisa.com/apply-online/node_modules/zalgo-promise/src/index.18d.delayed]
[www.indiaivisa.com/apply-online/node_modules/webpack/buildin/amd-define.18e.delayed]
[www.indiaivisa.com/apply-online/node_modules/cross-domain-safe-weakmap/src/interface.18f.delayed]
[www.indiaivisa.com/apply-online/node_modules/cross-domain-safe-weakmap/src/weakmap.190.delayed]
[www.indiaivisa.com/apply-online/node_modules/cross-domain-utils/src/index.191.delayed]
[www.indiaivisa.com/apply-online/node_modules/cross-domain-safe-weakmap/src/native.192.delayed]
[www.indiaivisa.com/apply-online/node_modules/cross-domain-safe-weakmap/src/util.193.delayed]
[www.indiaivisa.com/apply-online/node_modules/cross-domain-utils/src/util.194.delayed]
[www.indiaivisa.com/apply-online/node_modules/webpack/buildin/global.195.delayed]
[www.indiaivisa.com/apply-online/node_modules/post-robot/src/conf/index.196.delayed]
[www.indiaivisa.com/apply-online/node_modules/post-robot/src/lib/index.197.delayed]
[www.indiaivisa.com/apply-online/node_modules/post-robot/src/global.198.delayed]
[www.indiaivisa.com/apply-online/node_modules/post-robot/src/interface.199.delayed]
[www.indiaivisa.com/apply-online/node_modules/post-robot/src/drivers/index.19a.delayed]
[www.indiaivisa.com/apply-online/node_modules/post-robot/src/bridge/common.19b.delayed]
[www.indiaivisa.com/apply-online/node_modules/cross-domain-safe-weakmap/src/index.19c.delayed]
[www.indiaivisa.com/apply-online/node_modules/post-robot/src/bridge/bridge.19d.delayed]
[www.indiaivisa.com/apply-online/node_modules/post-robot/src/bridge/child.19e.delayed]
[www.indiaivisa.com/apply-online/node_modules/post-robot/src/bridge/parent.19f.delayed]
[www.indiaivisa.com/apply-online/node_modules/post-robot/src/bridge/index.1a0.delayed]
[www.indiaivisa.com/apply-online/node_modules/post-robot/src/compat/ie.1a1.delayed]
[www.indiaivisa.com/apply-online/node_modules/post-robot/src/conf/constants.1a2.delayed]
[www.indiaivisa.com/apply-online/node_modules/post-robot/src/conf/config.1a3.delayed]
[www.indiaivisa.com/apply-online/node_modules/post-robot/src/drivers/receive/index.1a4.delayed]
[www.indiaivisa.com/apply-online/node_modules/post-robot/src/drivers/send/index.1a5.delayed]
[www.indiaivisa.com/apply-online/node_modules/post-robot/src/drivers/listeners.1a6.delayed]
[www.indiaivisa.com/apply-online/node_modules/post-robot/src/compat/index.1a7.delayed]
[www.indiaivisa.com/apply-online/node_modules/post-robot/src/drivers/receive/types.1a8.delayed]
[www.indiaivisa.com/apply-online/node_modules/post-robot/src/drivers/send/strategies.1a9.delayed]
[www.indiaivisa.com/apply-online/node_modules/post-robot/src/clean.1aa.delayed]
[www.indiaivisa.com/apply-online/node_modules/post-robot/src/bridge/interface.1ab.delayed]
[www.indiaivisa.com/apply-online/node_modules/post-robot/src/public/index.1ac.delayed]
[www.indiaivisa.com/apply-online/node_modules/post-robot/src/lib/util.1ad.delayed]
[www.indiaivisa.com/apply-online/node_modules/post-robot/src/lib/log.1ae.delayed]
[www.indiaivisa.com/apply-online/node_modules/post-robot/src/lib/serialize.1af.delayed]
[www.indiaivisa.com/apply-online/node_modules/post-robot/src/lib/ready.1b0.delayed]
[www.indiaivisa.com/apply-online/node_modules/post-robot/src/public/client.1b1.delayed]
[www.indiaivisa.com/apply-online/node_modules/post-robot/src/public/server.1b2.delayed]
[www.indiaivisa.com/apply-online/node_modules/post-robot/src/public/config.1b3.delayed]
[www.indiaivisa.com/apply-online/node_modules/post-robot/src/index.1b4.delayed]
[www.indiaivisa.com/apply-online/node_modules/xcomponent/src/lib/index.1b5.delayed]
[www.indiaivisa.com/apply-online/node_modules/xcomponent/src/component/component/index.1b6.delayed]
[www.indiaivisa.com/apply-online/node_modules/beaver-logger/client/index.1b7.delayed]
[www.indiaivisa.com/apply-online/node_modules/xcomponent/src/component/base.1b8.delayed]
[www.indiaivisa.com/apply-online/node_modules/xcomponent/src/component/window.1b9.delayed]
[www.indiaivisa.com/apply-online/node_modules/xcomponent/src/constants.1ba.delayed]
[www.indiaivisa.com/apply-online/node_modules/xcomponent/src/component/child/props.1bb.delayed]
[www.indiaivisa.com/apply-online/node_modules/xcomponent/src/error.1bc.delayed]
[www.indiaivisa.com/apply-online/node_modules/xcomponent/src/component/component/props.1bd.delayed]
[www.indiaivisa.com/apply-online/node_modules/xcomponent/src/component/child/index.1be.delayed]
[www.indiaivisa.com/apply-online/node_modules/xcomponent/src/component/parent/index.1bf.delayed]
[www.indiaivisa.com/apply-online/node_modules/xcomponent/src/component/delegate/index.1c0.delayed]
[www.indiaivisa.com/apply-online/node_modules/xcomponent/src/component/component/validate.1c1.delayed]
[www.indiaivisa.com/apply-online/node_modules/xcomponent/src/component/component/templates/index.1c2.delayed]
[www.indiaivisa.com/apply-online/node_modules/xcomponent/src/drivers/index.1c3.delayed]
[www.indiaivisa.com/apply-online/node_modules/xcomponent/src/component/parent/drivers.1c4.delayed]
[www.indiaivisa.com/apply-online/node_modules/xcomponent/src/component/parent/validate.1c5.delayed]
[www.indiaivisa.com/apply-online/node_modules/xcomponent/src/component/parent/props.1c6.delayed]
[www.indiaivisa.com/apply-online/node_modules/hi-base32/src/base32.1c7.delayed]
[www.indiaivisa.com/apply-online/node_modules/xcomponent/src/drivers/script.1c8.delayed]
[www.indiaivisa.com/apply-online/node_modules/xcomponent/src/drivers/react.1c9.delayed]
[www.indiaivisa.com/apply-online/node_modules/xcomponent/src/drivers/vue.1ca.delayed]
[www.indiaivisa.com/apply-online/node_modules/xcomponent/src/drivers/angular.1cb.delayed]
[www.indiaivisa.com/apply-online/node_modules/xcomponent/src/drivers/ember.1cc.delayed]
[www.indiaivisa.com/apply-online/node_modules/xcomponent/src/drivers/glimmer.1cd.delayed]
[www.indiaivisa.com/apply-online/node_modules/xcomponent/src/drivers/angular2.1ce.delayed]
[www.indiaivisa.com/apply-online/node_modules/xcomponent/src/interface.1cf.delayed]
[www.indiaivisa.com/apply-online/node_modules/xcomponent/src/component/index.1d0.delayed]
[www.indiaivisa.com/apply-online/GET.1d1.delayed]
[www.indiaivisa.com/apply-online/node_modules/xcomponent/src/lib/fn.1d2.delayed]
[www.indiaivisa.com/apply-online/node_modules/xcomponent/src/lib/util.1d3.delayed]
[www.indiaivisa.com/apply-online/node_modules/xcomponent/src/lib/dom.1d4.delayed]
[www.indiaivisa.com/apply-online/node_modules/xcomponent/src/lib/promise.1d5.delayed]
[www.indiaivisa.com/apply-online/node_modules/xcomponent/src/lib/css.1d6.delayed]
[www.indiaivisa.com/apply-online/node_modules/xcomponent/src/lib/decorators.1d7.delayed]
[www.indiaivisa.com/apply-online/node_modules/xcomponent/src/lib/logger.1d8.delayed]
[www.indiaivisa.com/apply-online/node_modules/xcomponent/src/lib/global.1d9.delayed]
[www.indiaivisa.com/apply-online/node_modules/zalgo-promise/src/promise.1da.delayed]
[www.indiaivisa.com/apply-online/node_modules/zalgo-promise/src/utils.1db.delayed]
[www.indiaivisa.com/apply-online/node_modules/zalgo-promise/src/exceptions.1dc.delayed]
[www.indiaivisa.com/apply-online/src/api/rest.1dd.delayed]
[www.indiaivisa.com/apply-online/node_modules/Base64/base64.1de.delayed]
[www.indiaivisa.com/apply-online/src/config/index.1df.delayed]
[www.indiaivisa.com/apply-online/src/lib/index.1e0.delayed]
[www.indiaivisa.com/apply-online/src/compat/fallback.1e1.delayed]
[www.indiaivisa.com/apply-online/node_modules/xcomponent/src/index.1e2.delayed]
[www.indiaivisa.com/apply-online/src/components/checkout/index.1e3.delayed]
[www.indiaivisa.com/apply-online/src/api/index.1e4.delayed]
[www.indiaivisa.com/apply-online/src/experiments.1e5.delayed]
[www.indiaivisa.com/apply-online/src/components/checkout/popupBridge.1e6.delayed]
[www.indiaivisa.com/apply-online/src/components/button/constants.1e7.delayed]
[www.indiaivisa.com/apply-online/src/components/button/templates/index.1e8.delayed]
[www.indiaivisa.com/apply-online/src/components/button/templates/component/validate.1e9.delayed]
[www.indiaivisa.com/apply-online/src/components/button/braintree.1ea.delayed]
[www.indiaivisa.com/apply-online/src/components/button/templates/funding.1eb.delayed]
[www.indiaivisa.com/apply-online/src/components/login/index.1ec.delayed]
[www.indiaivisa.com/apply-online/src/components/button/templates/config.1ed.delayed]
[www.indiaivisa.com/apply-online/src/components/button/hacks.1ee.delayed]
[www.indiaivisa.com/apply-online/src/config/constants.1ef.delayed]
[www.indiaivisa.com/apply-online/src/components/button/templates/component/logos/pp_white.1f0.delayed]
[www.indiaivisa.com/apply-online/src/components/button/templates/component/logos/pp_blue.1f1.delayed]
[www.indiaivisa.com/apply-online/src/components/button/templates/component/logos/pp_black.1f2.delayed]
[www.indiaivisa.com/apply-online/src/components/button/templates/component/logos/paypal_white.1f3.delayed]
[www.indiaivisa.com/apply-online/src/components/button/templates/component/logos/paypal_blue.1f4.delayed]
[www.indiaivisa.com/apply-online/src/components/button/templates/component/logos/paypal_black.1f5.delayed]
[www.indiaivisa.com/apply-online/src/components/button/templates/component/logos/credit_white.1f6.delayed]
[www.indiaivisa.com/apply-online/src/components/button/templates/component/logos/venmo_white.1f7.delayed]
[www.indiaivisa.com/apply-online/src/components/button/templates/component/logos/venmo_blue.1f8.delayed]
[www.indiaivisa.com/apply-online/src/components/button/templates/component/logos/ideal.1f9.delayed]
[www.indiaivisa.com/apply-online/src/components/button/templates/component/logos/elv.1fa.delayed]
[www.indiaivisa.com/apply-online/src/components/button/templates/component/logos/visa.1fb.delayed]
[www.indiaivisa.com/apply-online/src/components/button/templates/component/logos/amex.1fc.delayed]
[www.indiaivisa.com/apply-online/src/components/button/templates/component/logos/mastercard.1fd.delayed]
[www.indiaivisa.com/apply-online/src/components/button/templates/component/logos/discover.1fe.delayed]
[www.indiaivisa.com/apply-online/src/components/button/templates/component/logos/hiper.1ff.delayed]
[www.indiaivisa.com/apply-online/src/components/button/templates/component/logos/elo.200.delayed]
[www.indiaivisa.com/apply-online/src/components/button/templates/component/style/page.201.delayed]
[www.indiaivisa.com/apply-online/src/components/button/templates/component/style/button.202.delayed]
[www.indiaivisa.com/apply-online/src/components/button/templates/component/style/layout.203.delayed]
[www.indiaivisa.com/apply-online/src/components/button/templates/component/style/branding.204.delayed]
[www.indiaivisa.com/apply-online/src/components/button/templates/component/style/labels.205.delayed]
[www.indiaivisa.com/apply-online/src/components/button/templates/component/style/responsive.206.delayed]
[www.indiaivisa.com/apply-online/src/components/button/templates/component/style/color.207.delayed]
[www.indiaivisa.com/apply-online/src/components/button/templates/component/style/class.208.delayed]
[www.indiaivisa.com/apply-online/src/components/button/templates/component/style/base.209.delayed]
[www.indiaivisa.com/apply-online/src/components/button/templates/style.20a.delayed]
[www.indiaivisa.com/apply-online/src/components/button/templates/component/util.20b.delayed]
[www.indiaivisa.com/apply-online/src/components/button/templates/props.20c.delayed]
[www.indiaivisa.com/apply-online/src/components/button/templates/component/logos/index.20d.delayed]
[www.indiaivisa.com/apply-online/src/components/button/templates/component/style/index.20e.delayed]
[www.indiaivisa.com/apply-online/src/components/button/templates/component/script.20f.delayed]
[www.indiaivisa.com/apply-online/src/components/button/templates/component/content.210.delayed]
[www.indiaivisa.com/apply-online/src/components/button/templates/component/index.211.delayed]
[www.indiaivisa.com/apply-online/src/components/button/templates/container/index.212.delayed]
[www.indiaivisa.com/apply-online/src/compat/index.213.delayed]
[www.indiaivisa.com/apply-online/src/components/checkout/templates/index.214.delayed]
[www.indiaivisa.com/apply-online/src/components/checkout/util.215.delayed]
[www.indiaivisa.com/apply-online/src/components/checkout/constants.216.delayed]
[www.indiaivisa.com/apply-online/src/components/checkout/component.217.delayed]
[www.indiaivisa.com/apply-online/src/components/checkout/templates/component/style.218.delayed]
[www.indiaivisa.com/apply-online/src/components/checkout/templates/container/style.219.delayed]
[www.indiaivisa.com/apply-online/src/components/checkout/templates/component/index.21a.delayed]
[www.indiaivisa.com/apply-online/src/components/checkout/templates/container/index.21b.delayed]
[www.indiaivisa.com/apply-online/src/components/button/index.21c.delayed]
[www.indiaivisa.com/apply-online/src/components/login/prerender.21d.delayed]
[www.indiaivisa.com/apply-online/src/components/login/component.21e.delayed]
[www.indiaivisa.com/base/test/windows/checkout/index.21fb46d.delayed]
[www.indiaivisa.com/demo/dev/checkout.220.delayed]
[www.indiaivisa.com/base/test/windows/checkout/index.221965f.delayed]
[www.indiaivisa.com/demo/dev/guest.222.delayed]
[www.indiaivisa.com/base/test/windows/checkout/index.223bfdd.delayed]
[www.indiaivisa.com/base/test/windows/button/index.224.delayed]
[www.indiaivisa.com/demo/dev/button.225.delayed]
[www.indiaivisa.com/base/test/windows/component-meta/index.226.delayed]
[www.indiaivisa.com/demo/dev/bridge.227.delayed]
[www.paypalobjects.com/api/button.js]
[www.indiaivisa.com/base/test/lib/button.229.delayed]
[www.indiaivisa.com/apply-online/src/config/config.22a.delayed]
[www.indiaivisa.com/apply-online/src/interface.22b.delayed]
[www.indiaivisa.com/apply-online/src/components/index.22c.delayed]
[www.indiaivisa.com/apply-online/src/setup.22d.delayed]
[www.indiaivisa.com/apply-online/src/legacy/index.22e.delayed]
[www.indiaivisa.com/apply-online/src/legacy/constants.22f.delayed]
[www.indiaivisa.com/apply-online/src/legacy/common.230.delayed]
[www.indiaivisa.com/apply-online/src/legacy/ready.231.delayed]
[www.indiaivisa.com/apply-online/src/legacy/button.232.delayed]
[www.indiaivisa.com/apply-online/src/legacy/interface.233.delayed]
[www.indiaivisa.com/apply-online/src/legacy/postBridge.234.delayed]
[www.indiaivisa.com/apply-online/src/legacy/eligibility.235.delayed]
[www.indiaivisa.com/apply-online/src/legacy/util.236.delayed]
[www.indiaivisa.com/apply-online/src/legacy/options.237.delayed]
[www.indiaivisa.com/apply-online/src/lib/session.238.delayed]
[www.indiaivisa.com/apply-online/src/lib/util.239.delayed]
[www.indiaivisa.com/apply-online/src/lib/device.23a.delayed]
[www.indiaivisa.com/apply-online/node_modules/bowser/bowser.min.23b.delayed]
[www.indiaivisa.com/apply-online/src/lib/meta.23c.delayed]
[www.indiaivisa.com/apply-online/src/lib/logger.23d.delayed]
[www.indiaivisa.com/apply-online/src/lib/eligibility.23e.delayed]
[www.indiaivisa.com/apply-online/src/lib/errors.23f.delayed]
[www.indiaivisa.com/apply-online/src/lib/dom.240.delayed]
[www.indiaivisa.com/apply-online/src/lib/http.241.delayed]
[www.indiaivisa.com/apply-online/src/lib/beacon.242.delayed]
[www.indiaivisa.com/apply-online/src/lib/throttle.243.delayed]
[www.indiaivisa.com/apply-online/src/lib/namespace.244.delayed]
[www.indiaivisa.com/apply-online/src/lib/proxy.245.delayed]
[www.indiaivisa.com/apply-online/src/lib/funding.246.delayed]
[www.indiaivisa.com/apply-online/src/index.247.delayed]
[www.indiaivisa.com/apply-online/src/lib/pptm.248.delayed]
[www.indiaivisa.com/apply-online/paypal.checkout.v4.249.delayed]
[www.paypalobjects.com/api/checkout.js]
[www.indiaivisa.com/apply-online/src/load.html]
[www.indiaivisa.com/apply-online/node_modules/beaver-logger/client/interface.html]
[www.indiaivisa.com/apply-online/node_modules/beaver-logger/client/config.html]
[www.indiaivisa.com/apply-online/node_modules/beaver-logger/client/util.html]
[www.indiaivisa.com/apply-online/node_modules/beaver-logger/client/performance.html]
[www.indiaivisa.com/apply-online/node_modules/beaver-logger/client/logger.html]
[www.indiaivisa.com/apply-online/node_modules/beaver-logger/client/init.html]
[www.indiaivisa.com/apply-online/node_modules/beaver-logger/client/transitions.html]
[www.indiaivisa.com/apply-online/node_modules/beaver-logger/client/builders.html]
[www.indiaivisa.com/apply-online/node_modules/zalgo-promise/src/index.html]
[www.indiaivisa.com/apply-online/node_modules/webpack/buildin/amd-define.html]
[www.indiaivisa.com/apply-online/node_modules/cross-domain-safe-weakmap/src/interface.html]
[www.indiaivisa.com/apply-online/node_modules/cross-domain-safe-weakmap/src/weakmap.html]
[www.indiaivisa.com/apply-online/node_modules/cross-domain-utils/src/index.html]
[www.indiaivisa.com/apply-online/node_modules/cross-domain-safe-weakmap/src/native.html]
[www.indiaivisa.com/apply-online/node_modules/cross-domain-safe-weakmap/src/util.html]
[www.indiaivisa.com/apply-online/node_modules/cross-domain-utils/src/util.html]
[www.indiaivisa.com/apply-online/node_modules/webpack/buildin/global.html]
[www.indiaivisa.com/apply-online/node_modules/post-robot/src/conf/index.html]
[www.indiaivisa.com/apply-online/node_modules/post-robot/src/lib/index.html]
[www.indiaivisa.com/apply-online/node_modules/post-robot/src/global.html]
[www.indiaivisa.com/apply-online/node_modules/post-robot/src/interface.html]
[www.indiaivisa.com/apply-online/node_modules/post-robot/src/drivers/index.html]
[www.indiaivisa.com/apply-online/node_modules/post-robot/src/bridge/common.html]
[www.indiaivisa.com/apply-online/node_modules/cross-domain-safe-weakmap/src/index.html]
[www.indiaivisa.com/apply-online/node_modules/post-robot/src/bridge/bridge.html]
[www.indiaivisa.com/apply-online/node_modules/post-robot/src/bridge/child.html]
[www.indiaivisa.com/apply-online/node_modules/post-robot/src/bridge/parent.html]
[www.indiaivisa.com/apply-online/node_modules/post-robot/src/bridge/index.html]
[www.indiaivisa.com/apply-online/node_modules/post-robot/src/compat/ie.html]
[www.indiaivisa.com/apply-online/node_modules/post-robot/src/conf/constants.html]
[www.indiaivisa.com/apply-online/node_modules/post-robot/src/conf/config.html]
[www.indiaivisa.com/apply-online/node_modules/post-robot/src/drivers/receive/index.html]
[www.indiaivisa.com/apply-online/node_modules/post-robot/src/drivers/send/index.html]
[www.indiaivisa.com/apply-online/node_modules/post-robot/src/drivers/listeners.html]
[www.indiaivisa.com/apply-online/node_modules/post-robot/src/compat/index.html]
[www.indiaivisa.com/apply-online/node_modules/post-robot/src/drivers/receive/types.html]
[www.indiaivisa.com/apply-online/node_modules/post-robot/src/drivers/send/strategies.html]
[www.indiaivisa.com/apply-online/node_modules/post-robot/src/clean.html]
[www.indiaivisa.com/apply-online/node_modules/post-robot/src/bridge/interface.html]
[www.indiaivisa.com/apply-online/node_modules/post-robot/src/public/index.html]
[www.indiaivisa.com/apply-online/node_modules/post-robot/src/lib/util.html]
[www.indiaivisa.com/apply-online/node_modules/post-robot/src/lib/log.html]
[www.indiaivisa.com/apply-online/node_modules/post-robot/src/lib/serialize.html]
[www.indiaivisa.com/apply-online/node_modules/post-robot/src/lib/ready.html]
[www.indiaivisa.com/apply-online/node_modules/post-robot/src/public/client.html]
[www.indiaivisa.com/apply-online/node_modules/post-robot/src/public/server.html]
[www.indiaivisa.com/apply-online/node_modules/post-robot/src/public/config.html]
[www.indiaivisa.com/apply-online/node_modules/post-robot/src/index.html]
[www.indiaivisa.com/apply-online/node_modules/xcomponent/src/lib/index.html]
[www.indiaivisa.com/apply-online/node_modules/xcomponent/src/component/component/index.html]
[www.indiaivisa.com/apply-online/node_modules/beaver-logger/client/index.html]
[www.indiaivisa.com/apply-online/node_modules/xcomponent/src/component/base.html]
[www.indiaivisa.com/apply-online/node_modules/xcomponent/src/component/window.html]
[www.indiaivisa.com/apply-online/node_modules/xcomponent/src/constants.html]
[www.indiaivisa.com/apply-online/node_modules/xcomponent/src/component/child/props.html]
[www.indiaivisa.com/apply-online/node_modules/xcomponent/src/error.html]
[www.indiaivisa.com/apply-online/node_modules/xcomponent/src/component/component/props.html]
[www.indiaivisa.com/apply-online/node_modules/xcomponent/src/component/child/index.html]
[www.indiaivisa.com/apply-online/node_modules/xcomponent/src/component/parent/index.html]
[www.indiaivisa.com/apply-online/node_modules/xcomponent/src/component/delegate/index.html]
[www.indiaivisa.com/apply-online/node_modules/xcomponent/src/component/component/validate.html]
[www.indiaivisa.com/apply-online/node_modules/xcomponent/src/component/component/templates/index.html]
[www.indiaivisa.com/apply-online/node_modules/xcomponent/src/drivers/index.html]
[www.indiaivisa.com/apply-online/node_modules/xcomponent/src/component/parent/drivers.html]
[www.indiaivisa.com/apply-online/node_modules/xcomponent/src/component/parent/validate.html]
[www.indiaivisa.com/apply-online/node_modules/xcomponent/src/component/parent/props.html]
[www.indiaivisa.com/apply-online/node_modules/hi-base32/src/base32.html]
[www.indiaivisa.com/apply-online/node_modules/xcomponent/src/drivers/script.html]
[www.indiaivisa.com/apply-online/node_modules/xcomponent/src/drivers/react.html]
[www.indiaivisa.com/apply-online/node_modules/xcomponent/src/drivers/vue.html]
[www.indiaivisa.com/apply-online/node_modules/xcomponent/src/drivers/angular.html]
[www.indiaivisa.com/apply-online/node_modules/xcomponent/src/drivers/ember.html]
[www.indiaivisa.com/apply-online/node_modules/xcomponent/src/drivers/glimmer.html]
[www.indiaivisa.com/apply-online/node_modules/xcomponent/src/drivers/angular2.html]
[www.indiaivisa.com/apply-online/node_modules/xcomponent/src/interface.html]
[www.indiaivisa.com/apply-online/node_modules/xcomponent/src/component/index.html]
[www.indiaivisa.com/apply-online/GET.html]
[www.indiaivisa.com/apply-online/node_modules/xcomponent/src/lib/fn.html]
[www.indiaivisa.com/apply-online/node_modules/xcomponent/src/lib/util.html]
[www.indiaivisa.com/apply-online/node_modules/xcomponent/src/lib/dom.html]
[www.indiaivisa.com/apply-online/node_modules/xcomponent/src/lib/promise.html]
[www.indiaivisa.com/apply-online/node_modules/xcomponent/src/lib/css.html]
[www.indiaivisa.com/apply-online/node_modules/xcomponent/src/lib/decorators.html]
[www.indiaivisa.com/apply-online/node_modules/xcomponent/src/lib/logger.html]
[www.indiaivisa.com/apply-online/node_modules/xcomponent/src/lib/global.html]
[www.indiaivisa.com/apply-online/node_modules/zalgo-promise/src/promise.html]
[www.indiaivisa.com/apply-online/node_modules/zalgo-promise/src/utils.html]
[www.indiaivisa.com/apply-online/node_modules/zalgo-promise/src/exceptions.html]
[www.indiaivisa.com/apply-online/src/api/rest.html]
[www.indiaivisa.com/apply-online/node_modules/Base64/base64.html]
[www.indiaivisa.com/apply-online/src/config/index.html]
[www.indiaivisa.com/apply-online/src/lib/index.html]
[www.indiaivisa.com/apply-online/src/compat/fallback.html]
[www.indiaivisa.com/apply-online/node_modules/xcomponent/src/index.html]
[www.indiaivisa.com/apply-online/src/components/checkout/index.html]
[www.indiaivisa.com/apply-online/src/api/index.html]
[www.indiaivisa.com/apply-online/src/experiments.html]
[www.indiaivisa.com/apply-online/src/components/checkout/popupBridge.html]
[www.indiaivisa.com/apply-online/src/components/button/constants.html]
[www.indiaivisa.com/apply-online/src/components/button/templates/index.html]
[www.indiaivisa.com/apply-online/src/components/button/templates/component/validate.html]
[www.indiaivisa.com/apply-online/src/components/button/braintree.html]
[www.indiaivisa.com/apply-online/src/components/button/templates/funding.html]
[www.indiaivisa.com/apply-online/src/components/login/index.html]
[www.indiaivisa.com/apply-online/src/components/button/templates/config.html]
[www.indiaivisa.com/apply-online/src/components/button/hacks.html]
[www.indiaivisa.com/apply-online/src/config/constants.html]
[www.indiaivisa.com/apply-online/src/components/button/templates/component/logos/pp_white.html]
[www.indiaivisa.com/apply-online/src/components/button/templates/component/logos/pp_blue.html]
[www.indiaivisa.com/apply-online/src/components/button/templates/component/logos/pp_black.html]
[www.indiaivisa.com/apply-online/src/components/button/templates/component/logos/paypal_white.html]
[www.indiaivisa.com/apply-online/src/components/button/templates/component/logos/paypal_blue.html]
[www.indiaivisa.com/apply-online/src/components/button/templates/component/logos/paypal_black.html]
[www.indiaivisa.com/apply-online/src/components/button/templates/component/logos/credit_white.html]
[www.indiaivisa.com/apply-online/src/components/button/templates/component/logos/venmo_white.html]
[www.indiaivisa.com/apply-online/src/components/button/templates/component/logos/venmo_blue.html]
[www.indiaivisa.com/apply-online/src/components/button/templates/component/logos/ideal.html]
[www.indiaivisa.com/apply-online/src/components/button/templates/component/logos/elv.html]
[www.indiaivisa.com/apply-online/src/components/button/templates/component/logos/visa.html]
[www.indiaivisa.com/apply-online/src/components/button/templates/component/logos/amex.html]
[www.indiaivisa.com/apply-online/src/components/button/templates/component/logos/mastercard.html]
[www.indiaivisa.com/apply-online/src/components/button/templates/component/logos/discover.html]
[www.indiaivisa.com/apply-online/src/components/button/templates/component/logos/hiper.html]
[www.indiaivisa.com/apply-online/src/components/button/templates/component/logos/elo.html]
[www.indiaivisa.com/apply-online/src/components/button/templates/component/style/page.html]
[www.indiaivisa.com/apply-online/src/components/button/templates/component/style/button.html]
[www.indiaivisa.com/apply-online/src/components/button/templates/component/style/layout.html]
[www.indiaivisa.com/apply-online/src/components/button/templates/component/style/branding.html]
[www.indiaivisa.com/apply-online/src/components/button/templates/component/style/labels.html]
[www.indiaivisa.com/apply-online/src/components/button/templates/component/style/responsive.html]
[www.indiaivisa.com/apply-online/src/components/button/templates/component/style/color.html]
[www.indiaivisa.com/apply-online/src/components/button/templates/component/style/class.html]
[www.indiaivisa.com/apply-online/src/components/button/templates/component/style/base.html]
[www.indiaivisa.com/apply-online/src/components/button/templates/style.html]
[www.indiaivisa.com/apply-online/src/components/button/templates/component/util.html]
[www.indiaivisa.com/apply-online/src/components/button/templates/props.html]
[www.indiaivisa.com/apply-online/src/components/button/templates/component/logos/index.html]
[www.indiaivisa.com/apply-online/src/components/button/templates/component/style/index.html]
[www.indiaivisa.com/apply-online/src/components/button/templates/component/script.html]
[www.indiaivisa.com/apply-online/src/components/button/templates/component/content.html]
[www.indiaivisa.com/apply-online/src/components/button/templates/component/index.html]
[www.indiaivisa.com/apply-online/src/components/button/templates/container/index.html]
[www.indiaivisa.com/apply-online/src/compat/index.html]
[www.indiaivisa.com/apply-online/src/components/checkout/templates/index.html]
[www.indiaivisa.com/apply-online/src/components/checkout/util.html]
[www.indiaivisa.com/apply-online/src/components/checkout/constants.html]
[www.indiaivisa.com/apply-online/src/components/checkout/component.html]
[www.indiaivisa.com/apply-online/src/components/checkout/templates/component/style.html]
[www.indiaivisa.com/apply-online/src/components/checkout/templates/container/style.html]
[www.indiaivisa.com/apply-online/src/components/checkout/templates/component/index.html]
[www.indiaivisa.com/apply-online/src/components/checkout/templates/container/index.html]
[www.indiaivisa.com/apply-online/src/components/button/index.html]
[www.indiaivisa.com/apply-online/src/components/login/prerender.html]
[www.indiaivisa.com/apply-online/src/components/login/component.html]
[www.indiaivisa.com/base/test/windows/checkout/indexb46d.html]
[www.indiaivisa.com/demo/dev/checkout.html]
[www.indiaivisa.com/base/test/windows/checkout/index965f.html]
[www.indiaivisa.com/demo/dev/guest.html]
[www.indiaivisa.com/base/test/windows/checkout/indexbfdd.html]
[www.indiaivisa.com/base/test/windows/button/index.html]
[www.indiaivisa.com/demo/dev/button.html]
[www.indiaivisa.com/base/test/windows/component-meta/index.html]
[www.indiaivisa.com/demo/dev/bridge.html]
[www.paypalobjects.com/api/button.js]
[www.indiaivisa.com/base/test/lib/button.html]
[www.indiaivisa.com/apply-online/src/config/config.html]
[www.indiaivisa.com/apply-online/src/interface.html]
[www.indiaivisa.com/apply-online/src/components/index.html]
[www.indiaivisa.com/apply-online/src/setup.html]
[www.indiaivisa.com/apply-online/src/legacy/index.html]
[www.indiaivisa.com/apply-online/src/legacy/constants.html]
[www.indiaivisa.com/apply-online/src/legacy/common.html]
[www.indiaivisa.com/apply-online/src/legacy/ready.html]
[www.indiaivisa.com/apply-online/src/legacy/button.html]
[www.indiaivisa.com/apply-online/src/legacy/interface.html]
[www.indiaivisa.com/apply-online/src/legacy/postBridge.html]
[www.indiaivisa.com/apply-online/src/legacy/eligibility.html]
[www.indiaivisa.com/apply-online/src/legacy/util.html]
[www.indiaivisa.com/apply-online/src/legacy/options.html]
[www.indiaivisa.com/apply-online/src/lib/session.html]
[www.indiaivisa.com/apply-online/src/lib/util.html]
[www.indiaivisa.com/apply-online/src/lib/device.html]
[www.indiaivisa.com/apply-online/node_modules/bowser/bowser.min.html]
[www.indiaivisa.com/apply-online/src/lib/meta.html]
[www.indiaivisa.com/apply-online/src/lib/logger.html]
[www.indiaivisa.com/apply-online/src/lib/eligibility.html]
[www.indiaivisa.com/apply-online/src/lib/errors.html]
[www.indiaivisa.com/apply-online/src/lib/dom.html]
[www.indiaivisa.com/apply-online/src/lib/http.html]
[www.indiaivisa.com/apply-online/src/lib/beacon.html]
[www.indiaivisa.com/apply-online/src/lib/throttle.html]
[www.indiaivisa.com/apply-online/src/lib/namespace.html]
[www.indiaivisa.com/apply-online/src/lib/proxy.html]
[www.indiaivisa.com/apply-online/src/lib/funding.html]
[www.indiaivisa.com/apply-online/src/index.html]
[www.indiaivisa.com/apply-online/src/lib/pptm.html]
[www.indiaivisa.com/apply-online/paypal.checkout.v4.html]
